only testing
predictions = 0001_ftrl_holdout_off.predict
Num weight bits = 18
learning rate = 0.5
initial_t = 0
power_t = 0.5
using no cache
Reading datafile = train-sets/0001.dat
num sources = 1
average  since         example        example  current  current  current
loss     last          counter         weight    label  predict features
0.296878 0.296878            1            1.0   1.0000   0.4551       51
0.220999 0.145120            2            2.0   0.0000   0.3809      104
0.169928 0.118857            4            4.0   0.0000   0.3451      135
0.165672 0.161415            8            8.0   0.0000   0.3470      146
0.178747 0.191822           16           16.0   1.0000   0.4818       24
0.181038 0.183329           32           32.0   0.0000   0.3377       32
0.180049 0.179061           64           64.0   0.0000   0.3024       61
0.187481 0.194914          128          128.0   1.0000   0.4784      106

finished run
number of examples per pass = 200
passes used = 1
weighted example sum = 200.000000
weighted label sum = 91.000000
average loss = 0.190332
best constant = 0.455000
best constant's loss = 0.247975
total feature number = 15482
