only testing
predictions = 0001_ftrl.predict
Num weight bits = 18
learning rate = 0.5
initial_t = 0
power_t = 0.5
using no cache
Reading datafile = train-sets/0001.dat
num sources = 1
average  since         example        example  current  current  current
loss     last          counter         weight    label  predict features
0.727374 0.727374            1            1.0   1.0000   0.1471       51
0.374812 0.022251            2            2.0   0.0000   0.1492      104
0.197988 0.021165            4            4.0   0.0000   0.1456      135
0.197407 0.196826            8            8.0   0.0000   0.1489      146
0.240659 0.283911           16           16.0   1.0000   0.1510       24
0.263058 0.285457           32           32.0   0.0000   0.1451       32
0.273899 0.284741           64           64.0   0.0000   0.1451       61
0.312535 0.351170          128          128.0   1.0000   0.1456      106

finished run
number of examples per pass = 200
passes used = 1
weighted example sum = 200.000000
weighted label sum = 91.000000
average loss = 0.340764
best constant = 0.455000
best constant's loss = 0.247975
total feature number = 15482
