only testing
predictions = 0001_ftrl_holdout.predict
Num weight bits = 18
learning rate = 0.5
initial_t = 0
power_t = 0.5
using no cache
Reading datafile = train-sets/0001.dat
num sources = 1
average  since         example        example  current  current  current
loss     last          counter         weight    label  predict features
0.313230 0.313230            1            1.0   1.0000   0.4403       51
0.222503 0.131777            2            2.0   0.0000   0.3630      104
0.167727 0.112951            4            4.0   0.0000   0.3385      135
0.165590 0.163453            8            8.0   0.0000   0.3476      146
0.182515 0.199441           16           16.0   1.0000   0.4658       24
0.183875 0.185234           32           32.0   0.0000   0.3242       32
0.183323 0.182770           64           64.0   0.0000   0.2976       61
0.193643 0.203964          128          128.0   1.0000   0.4632      106

finished run
number of examples per pass = 200
passes used = 1
weighted example sum = 200.000000
weighted label sum = 91.000000
average loss = 0.199746
best constant = 0.455000
best constant's loss = 0.247975
total feature number = 15482
