only testing
predictions = 0002b.predict
Num weight bits = 18
learning rate = 0.5
initial_t = 0
power_t = 0.5
using no cache
Reading datafile = train-sets/0002.dat
num sources = 1
average  since         example        example  current  current  current
loss     last          counter         weight    label  predict features
0.015651 0.015651            1            1.0   0.5211   0.3960       15
0.009167 0.002684            2            2.0   0.5353   0.4834       15
0.009957 0.010747            4            4.0   0.5854   0.4646       15
0.015969 0.021980            8            8.0   0.5575   0.4291       15
0.016024 0.016079           16           16.0   0.5878   0.5225       15
0.018388 0.020752           32           32.0   0.6038   0.4875       15
0.014708 0.011028           64           64.0   0.5683   0.4838       15
0.014273 0.013837          128          128.0   0.5351   0.4498       15
0.012730 0.011188          256          256.0   0.5385   0.4309       15
0.009099 0.005468          512          512.0   0.5053   0.5696       15

finished run
number of examples per pass = 1000
passes used = 1
weighted example sum = 1000.000000
weighted label sum = 526.517586
average loss = 0.006213
best constant = 0.526518
total feature number = 14996
