only testing
predictions = 0002c.predict
Num weight bits = 18
learning rate = 0.5
initial_t = 0
power_t = 0.5
using no cache
Reading datafile = train-sets/0002.dat
num sources = 1
average  since         example        example  current  current  current
loss     last          counter         weight    label  predict features
0.004067 0.004067            1            1.0   0.5211   0.4574       15
0.002133 0.000199            2            2.0   0.5353   0.5494       15
0.001795 0.001457            4            4.0   0.5854   0.5439       15
0.002120 0.002446            8            8.0   0.5575   0.4903       15
0.001601 0.001083           16           16.0   0.5878   0.6029       15
0.001413 0.001224           32           32.0   0.6038   0.5876       15
0.001273 0.001133           64           64.0   0.5683   0.5377       15
0.001202 0.001132          128          128.0   0.5351   0.5085       15
0.001336 0.001469          256          256.0   0.5385   0.4890       15
0.005038 0.008740          512          512.0   0.5053   0.6136       15

finished run
number of examples per pass = 1000
passes used = 1
weighted example sum = 1000.000000
weighted label sum = 526.517586
average loss = 0.003471
best constant = 0.526518
total feature number = 14996
