-0.552594
	e^x*f^c:189984:1:-0.0388334@0	e^x*f^a:96492:1:-0.0388334@0	f^a*f^c:157988:1:-0.0336343@0	e^x*f^b:93488:1:-0.0274584@0	f^b*f^c:126768:1:-0.0274584@0	e^z*f^c:71484:1:-0.0274584@0	e^z*f^a:166384:1:-0.0274584@0	e^y*f^c:91056:1:-0.0274584@0	e^y*f^a:195964:1:-0.0274584@0	f^a:57420:1:-0.0274584@0	e^x:125152:1:-0.0274584@0	f^c:228992:1:-0.0274584@0	e^y*e^z:125412:1:-0.0194167@0	e^x*e^z:158836:1:-0.0194167@0	e^x*e^y:128176:1:-0.0194167@0	Constant:202096:1:-0.0194167@0	e^y*f^b:190624:1:-0.0194167@0	e^z:259284:1:-0.0194167@0	e^y:27664:1:-0.0194167@0	e^z*f^b:171052:1:-0.0194167@0	f^a*f^b:123444:1:-0.0194167@0	f^b:62864:1:-0.0194167@0
-0.552594
	e^x*f^c:189985:1:-0.0388334@0	e^x*f^a:96493:1:-0.0388334@0	f^a*f^c:157989:1:-0.0336343@0	e^x*f^b:93489:1:-0.0274584@0	f^b*f^c:126769:1:-0.0274584@0	e^z*f^c:71485:1:-0.0274584@0	e^z*f^a:166385:1:-0.0274584@0	e^y*f^c:91057:1:-0.0274584@0	e^y*f^a:195965:1:-0.0274584@0	f^a:57421:1:-0.0274584@0	e^x:125153:1:-0.0274584@0	f^c:228993:1:-0.0274584@0	e^y*e^z:125413:1:-0.0194167@0	e^x*e^z:158837:1:-0.0194167@0	e^x*e^y:128177:1:-0.0194167@0	Constant:202097:1:-0.0194167@0	e^y*f^b:190625:1:-0.0194167@0	e^z:259285:1:-0.0194167@0	e^y:27665:1:-0.0194167@0	e^z*f^b:171053:1:-0.0194167@0	f^a*f^b:123445:1:-0.0194167@0	f^b:62865:1:-0.0194167@0
0.552594
	e^x*f^c:189986:1:0.0388334@0	e^x*f^a:96494:1:0.0388334@0	f^a*f^c:157990:1:0.0336343@0	e^x*f^b:93490:1:0.0274584@0	f^b*f^c:126770:1:0.0274584@0	e^z*f^c:71486:1:0.0274584@0	e^z*f^a:166386:1:0.0274584@0	e^y*f^c:91058:1:0.0274584@0	e^y*f^a:195966:1:0.0274584@0	f^a:57422:1:0.0274584@0	e^x:125154:1:0.0274584@0	f^c:228994:1:0.0274584@0	e^y*e^z:125414:1:0.0194167@0	e^x*e^z:158838:1:0.0194167@0	e^x*e^y:128178:1:0.0194167@0	Constant:202098:1:0.0194167@0	e^y*f^b:190626:1:0.0194167@0	e^z:259286:1:0.0194167@0	e^y:27666:1:0.0194167@0	e^z*f^b:171054:1:0.0194167@0	f^a*f^b:123446:1:0.0194167@0	f^b:62866:1:0.0194167@0
-0.448447
	e^x*f^a:96492:1:-0.0590625@0.80069	e^x*f^c:189984:1:-0.0590625@0.80069	f^a*f^c:157988:1:-0.0538634@0.80069	f^a:57420:1:-0.0476875@0.80069	f^c:228992:1:-0.0476875@0.80069	e^x:125152:1:-0.0476875@0.80069	Constant:202096:1:-0.0396458@0.80069	e^x*f^y:246988:1:-0.0274584@0	f^a*f^y:216008:1:-0.0274584@0	f^y:154732:1:-0.0194167@0	f^y*f^c:132:1:-0.0194167@0
-0.448447
	e^x*f^a:96493:1:-0.0590625@0.80069	e^x*f^c:189985:1:-0.0590625@0.80069	f^a*f^c:157989:1:-0.0538634@0.80069	f^a:57421:1:-0.0476875@0.80069	f^c:228993:1:-0.0476875@0.80069	e^x:125153:1:-0.0476875@0.80069	Constant:202097:1:-0.0396458@0.80069	e^x*f^y:246989:1:-0.0274584@0	f^a*f^y:216009:1:-0.0274584@0	f^y:154733:1:-0.0194167@0	f^y*f^c:133:1:-0.0194167@0
0.448447
	e^x*f^a:96494:1:0.0590625@0.80069	e^x*f^c:189986:1:0.0590625@0.80069	f^a*f^c:157990:1:0.0538634@0.80069	f^a:57422:1:0.0476875@0.80069	f^c:228994:1:0.0476875@0.80069	e^x:125154:1:0.0476875@0.80069	Constant:202098:1:0.0396458@0.80069	e^x*f^y:246990:1:0.0274584@0	f^a*f^y:216010:1:0.0274584@0	f^y:154734:1:0.0194167@0	f^y*f^c:134:1:0.0194167@0
