only testing
predictions = ftrl_pistol.predict
Num weight bits = 18
learning rate = 0.5
initial_t = 0
power_t = 0.5
using no cache
Reading datafile = train-sets/0001.dat
num sources = 1
average  since         example        example  current  current  current
loss     last          counter         weight    label  predict features
0.142870 0.142870            1            1.0   1.0000   0.6220       51
0.071435 0.000000            2            2.0   0.0000   0.0000      104
0.035718 0.000000            4            4.0   0.0000   0.0000      135
0.017859 0.000000            8            8.0   0.0000   0.0000      146
0.071429 0.125000           16           16.0   1.0000   1.0000       24
0.035715 0.000000           32           32.0   0.0000   0.0000       32
0.072727 0.109739           64           64.0   0.0000   0.0000       61
0.059585 0.046444          128          128.0   1.0000   1.0000      106

finished run
number of examples per pass = 200
passes used = 1
weighted example sum = 200.000000
weighted label sum = 91.000000
average loss = 0.059649
best constant = 0.455000
best constant's loss = 0.247975
total feature number = 15482
