creating quadratic features for pairs: ui 
only testing
Num weight bits = 16
learning rate = 10
initial_t = 1
power_t = 0.5
using no cache
Reading datafile = test-sets/ml100k_small_test
num sources = 1
average  since         example        example  current  current  current
loss     last          counter         weight    label  predict features
2.805888 2.805888            1            1.0   5.0000   3.3249       23
2.938380 3.070872            2            2.0   5.0000   3.2476       23
2.430562 1.922743            4            4.0   4.0000   3.2215       23
1.486828 0.543094            8            8.0   4.0000   3.2582       23
1.525028 1.563228           16           16.0   5.0000   3.1578       23

finished run
number of examples per pass = 30
passes used = 1
weighted example sum = 30.000000
weighted label sum = 110.000000
average loss = 1.478601
best constant = 3.666667
total feature number = 690
