final_regressor = models/0002c.model
Num weight bits = 18
learning rate = 0.5
initial_t = 0
power_t = 0.45
using no cache
Reading datafile = train-sets/0002.dat
num sources = 1
average  since         example        example  current  current  current
loss     last          counter         weight    label  predict features
0.000000 0.000000            1            1.0   0.5211   0.5211       15
0.000100 0.000199            2            2.0   0.5353   0.5211       15
0.001288 0.002476            4            4.0   0.5854   0.5211       15
0.031829 0.062370            8            8.0   0.5575   0.3885       15
0.025742 0.019654           16           16.0   0.5878   0.4792       15
0.018294 0.010846           32           32.0   0.6038   0.5766       15
0.018635 0.018975           64           64.0   0.5683   0.4303       15
0.012890 0.007145          128          128.0   0.5351   0.4846       15
0.008166 0.003442          256          256.0   0.5385   0.5576       15
0.005201 0.002235          512          512.0   0.5053   0.5132       15

finished run
number of examples per pass = 1000
passes used = 1
weighted example sum = 1000.000000
weighted label sum = 526.517586
average loss = 0.002963
best constant = 0.526518
total feature number = 14996
