predictions = 0002.autolink.predict
Num weight bits = 18
learning rate = 0.5
initial_t = 0
power_t = 0.5
using no cache
Reading datafile = train-sets/0002.dat
num sources = 1
average  since         example        example  current  current  current
loss     last          counter         weight    label  predict features
0.000000 0.000000            1            1.0   0.5211   0.5211       15
0.000100 0.000199            2            2.0   0.5353   0.5211       15
0.001288 0.002476            4            4.0   0.5854   0.5211       15
0.030920 0.060552            8            8.0   0.5575   0.4115       15
0.025017 0.019114           16           16.0   0.5878   0.5138       15
0.018755 0.012493           32           32.0   0.6038   0.5722       15
0.018303 0.017851           64           64.0   0.5683   0.4436       15

finished run
number of examples per pass = 100
passes used = 1
weighted example sum = 100.000000
weighted label sum = 52.222146
average loss = 0.013972
best constant = 0.522221
total feature number = 1499
