creating quadratic features for pairs: Tf ff 
final_regressor = models/0002a.model
Num weight bits = 18
learning rate = 10
initial_t = 1
power_t = 0.5
using no cache
Reading datafile = train-sets/0002.dat
num sources = 1
average  since         example        example  current  current  current
loss     last          counter         weight    label  predict features
0.271591 0.271591            1            1.0   0.5211   0.0000      197
0.158407 0.045223            2            2.0   0.5353   0.3226      197
0.129107 0.099807            4            4.0   0.5854   0.8819      197
0.073879 0.018651            8            8.0   0.5575   0.5422      197
0.049606 0.025333           16           16.0   0.5878   0.5784      197
0.040010 0.030415           32           32.0   0.6038   0.5690      197
0.028900 0.017790           64           64.0   0.5683   0.4790      197
0.017956 0.007013          128          128.0   0.5351   0.5342      197
0.013022 0.008089          256          256.0   0.5385   0.5708      197
0.008554 0.004086          512          512.0   0.5053   0.5592      197

finished run
number of examples per pass = 1000
passes used = 1
weighted example sum = 1000.000000
weighted label sum = 526.517586
average loss = 0.005208
best constant = 0.526518
total feature number = 196892
