final_regressor = models/0002.model
Num weight bits = 18
learning rate = 10
initial_t = 1
power_t = 0.5
using no cache
Reading datafile = train-sets/0002.dat
num sources = 1
average  since         example        example  current  current  current
loss     last          counter         weight    label  predict features
0.000000 0.000000            1            1.0   0.5211   0.5211       15
0.000100 0.000199            2            2.0   0.5353   0.5211       15
0.001288 0.002476            4            4.0   0.5854   0.5211       15
0.029212 0.057136            8            8.0   0.5575   0.4701       15
0.018774 0.008337           16           16.0   0.5878   0.5618       15
0.013489 0.008203           32           32.0   0.6038   0.6022       15
0.010958 0.008427           64           64.0   0.5683   0.4892       15
0.008173 0.005388          128          128.0   0.5351   0.5145       15
0.006222 0.004272          256          256.0   0.5385   0.5473       15
0.004594 0.002965          512          512.0   0.5053   0.5509       15

finished run
number of examples per pass = 1000
passes used = 1
weighted example sum = 1000.000000
weighted label sum = 526.517586
average loss = 0.003022
best constant = 0.526518
total feature number = 14996
