final_regressor = models/0097.model
Num weight bits = 18
learning rate = 0.5
initial_t = 0
power_t = 0.5
using no cache
Reading datafile = train-sets/0001.dat
num sources = 1
average  since         example        example  current  current  current
loss     last          counter         weight    label  predict features
0.000000 0.000000            1            1.0   1.0000   1.0000       51
0.000000 0.000000            2            2.0   0.0000   0.0000      104
0.000000 0.000000            4            4.0   0.0000   0.0000      135
0.129823 0.259645            8            8.0   0.0000   0.1869      146
0.192144 0.254466           16           16.0   1.0000   0.3194       24
0.213225 0.234305           32           32.0   0.0000   0.2340       32
0.217869 0.222514           64           64.0   0.0000   0.1558       61
0.216554 0.215238          128          128.0   1.0000   0.8204      106

finished run
number of examples per pass = 200
passes used = 1
weighted example sum = 200.000000
weighted label sum = 91.000000
average loss = 0.191325
best constant = 0.455000
best constant's loss = 0.247975
total feature number = 15482
