only testing
predictions = bs.prreg.predict
Num weight bits = 18
learning rate = 0.5
initial_t = 0
power_t = 0.5
using no cache
Reading datafile = train-sets/0002.dat
num sources = 1
average  since         example        example  current  current  current
loss     last          counter         weight    label  predict features
0.005239 0.005239            1            1.0   0.5211   0.4488       15
0.002672 0.000104            2            2.0   0.5353   0.5250       15
0.002687 0.002701            4            4.0   0.5854   0.5216       15
0.003656 0.004625            8            8.0   0.5575   0.4952       15
0.002787 0.001919           16           16.0   0.5878   0.5769       15
0.002866 0.002945           32           32.0   0.6038   0.5636       15
0.002104 0.001341           64           64.0   0.5683   0.5321       15
0.001995 0.001886          128          128.0   0.5351   0.5085       15
0.001976 0.001958          256          256.0   0.5385   0.4769       15
0.003848 0.005719          512          512.0   0.5053   0.5800       15

finished run
number of examples per pass = 1000
passes used = 1
weighted example sum = 1000.000000
weighted label sum = 526.517586
average loss = 0.002296
best constant = 0.526518
total feature number = 14996
