final_regressor = models/bs.reg.model
predictions = bs.reg.predict
Num weight bits = 18
learning rate = 0.5
initial_t = 0
power_t = 0.5
using no cache
Reading datafile = train-sets/0002.dat
num sources = 1
average  since         example        example  current  current  current
loss     last          counter         weight    label  predict features
0.000000 0.000000            1            1.0   0.5211   0.5211       15
0.000100 0.000199            2            2.0   0.5353   0.5211       15
0.001288 0.002476            4            4.0   0.5854   0.5211       15
0.033491 0.065694            8            8.0   0.5575   0.3529       15
0.025866 0.018241           16           16.0   0.5878   0.5056       15
0.018842 0.011818           32           32.0   0.6038   0.5779       15
0.020276 0.021711           64           64.0   0.5683   0.4157       15
0.016716 0.013156          128          128.0   0.5351   0.4287       15
0.010581 0.004445          256          256.0   0.5385   0.5583       15
0.006622 0.002664          512          512.0   0.5053   0.5147       15

finished run
number of examples per pass = 1000
passes used = 1
weighted example sum = 1000.000000
weighted label sum = 526.517586
average loss = 0.003809
best constant = 0.526518
total feature number = 14996
