Num weight bits = 18
learning rate = 0.5
initial_t = 0
power_t = 0.5
using no cache
Reading datafile = train-sets/multiclass
num sources = 1
average  since         example        example  current  current  current
loss     last          counter         weight    label  predict features
1.000000 1.000000            1            1.0        1        5        2
NAN prediction in example 2, forcing 0.000000
NAN prediction in example 2, forcing 0.000000
NAN prediction in example 2, forcing 0.000000
NAN prediction in example 2, forcing 0.000000
1.000000 1.000000            2            2.0        2        9        2
NAN prediction in example 3, forcing 0.000000
NAN prediction in example 3, forcing 0.000000
NAN prediction in example 3, forcing 0.000000
NAN prediction in example 3, forcing 0.000000
NAN prediction in example 4, forcing 0.000000
NAN prediction in example 4, forcing 0.000000
NAN prediction in example 4, forcing 0.000000
NAN prediction in example 4, forcing 0.000000
0.750000 0.500000            4            4.0        4        7        2
NAN prediction in example 5, forcing 0.000000
NAN prediction in example 5, forcing 0.000000
NAN prediction in example 5, forcing 0.000000
NAN prediction in example 5, forcing 0.000000
NAN prediction in example 6, forcing 0.000000
NAN prediction in example 6, forcing 0.000000
NAN prediction in example 6, forcing 0.000000
NAN prediction in example 6, forcing 0.000000
NAN prediction in example 7, forcing 0.000000
NAN prediction in example 7, forcing 0.000000
NAN prediction in example 7, forcing 0.000000
NAN prediction in example 7, forcing 0.000000
NAN prediction in example 8, forcing 0.000000
NAN prediction in example 8, forcing 0.000000
NAN prediction in example 8, forcing 0.000000
NAN prediction in example 8, forcing 0.000000
0.875000 1.000000            8            8.0        8        5        2
NAN prediction in example 9, forcing 0.000000
NAN prediction in example 9, forcing 0.000000
NAN prediction in example 9, forcing 0.000000
NAN prediction in example 9, forcing 0.000000
NAN prediction in example 10, forcing 0.000000
NAN prediction in example 10, forcing 0.000000
NAN prediction in example 10, forcing 0.000000
NAN prediction in example 10, forcing 0.000000

finished run
number of examples per pass = 10
passes used = 1
weighted example sum = 10.000000
weighted label sum = 0.000000
average loss = 0.900000
total feature number = 20
