predictions = confidence_after_training.preds
Num weight bits = 18
learning rate = 0.5
initial_t = 0.1
power_t = 0.5
using no cache
Reading datafile = ./train-sets/rcv1_small.dat
num sources = 1
average  since         example        example  current  current  current
loss     last          counter         weight    label  predict features
0.000000 0.000000            1            1.0  -1.0000  -1.0000      128
0.000000 0.000000            2            2.0  -1.0000  -1.0000       44
0.535977 1.071953            4            4.0  -1.0000   0.0695      190
0.745432 0.954887            8            8.0   1.0000   0.0603       34
0.848787 0.952141           16           16.0   1.0000  -0.0125       43
0.869708 0.890629           32           32.0  -1.0000   0.0435       47
0.842203 0.814698           64           64.0   1.0000   0.0231       54
0.768759 0.695315          128          128.0  -1.0000  -0.3135       67
0.670522 0.572286          256          256.0   1.0000   0.6283       86
0.568946 0.467369          512          512.0  -1.0000  -0.8119      104

finished run
number of examples per pass = 1000
passes used = 1
weighted example sum = 1000.000000
weighted label sum = -82.000000
average loss = 0.501752
best constant = -0.082000
best constant's loss = 0.993276
total feature number = 78739
