Num weight bits = 18
learning rate = 0.5
initial_t = 0
power_t = 0.5
using no cache
Reading datafile = train-sets/0001.dat
num sources = 1
Regressor contains 1116 values
example      values         total   
counter      audited        progress
1                   34            3%
2                   83            7%
4                  149           13%
8                  231           20%
16                 342           30%
32                 510           45%
64                 710           63%
128                923           82%
200               1116          100%
