Num weight bits = 18
learning rate = 0.5
initial_t = 0
power_t = 0.5
decay_learning_rate = 1
creating cache_file = train-sets/0001.dat.cache
Reading datafile = train-sets/0001.dat
num sources = 1
average  since         example        example  current  current  current
loss     last          counter         weight    label  predict features
1.000000 1.000000            1            1.0   1.0000   0.0000       51
0.513608 0.027217            2            2.0   0.0000   0.1650      104
0.263115 0.012622            4            4.0   0.0000   0.0568      135
0.237730 0.212344            8            8.0   0.0000   0.2023      146
0.248573 0.259416           16           16.0   1.0000   0.2048      143
0.230787 0.213001           32           32.0   1.0000   0.4685       70
0.232953 0.235120           64           64.0   0.0000   0.4226       34
0.219773 0.206593          128          128.0   0.0000   0.1011       30
0.164126 0.164126          256          256.0   0.0000   0.1327       72 h

finished run
number of examples per pass = 180
passes used = 2
weighted example sum = 360.000000
weighted label sum = 160.000000
average loss = 0.153103 h
best constant = 0.444444
best constant's loss = 0.246914
total feature number = 27566
