using l2 regularization = 1
predictions = ksvm_train.poly.predict
Lambda = 1
Kernel = poly
degree = 2
Num weight bits = 18
learning rate = 0.5
initial_t = 0
power_t = 0.5
using no cache
Reading datafile = train-sets/rcv1_smaller.dat
num sources = 1
average  since         example        example  current  current  current
loss     last          counter         weight    label  predict features
1.000000 1.000000            1            1.0   1.0000   0.0000       50
1.236589 1.473179            2            2.0  -1.0000   0.4732      103
1.075540 0.914490            4            4.0  -1.0000  -0.2147      134
0.992637 0.909735            8            8.0  -1.0000  -0.1939      145
0.929643 0.866648           16           16.0   1.0000  -0.2879       23
0.938440 0.947237           32           32.0  -1.0000  -0.1157       31
0.938311 0.938183           64           64.0  -1.0000  -0.6425       60
0.926805 0.915298          128          128.0   1.0000   0.0777      105

finished run
number of examples = 250
weighted example sum = 250.000000
weighted label sum = -22.000000
average loss = 0.831654
best constant = -0.088000
best constant's loss = 0.992256
total feature number = 19870
Num support = 247
Number of kernel evaluations = 171073 Number of cache queries = 112947
Total loss = 207.913681
Done freeing model
Done freeing kernel params
Done with finish 
