Num weight bits = 18
learning rate = 0.5
initial_t = 0
power_t = 0.5
decay_learning_rate = 1
creating cache_file = train-sets/marginal_features.cache
Reading datafile = train-sets/marginal_features
num sources = 1
average  since         example        example  current  current  current
loss     last          counter         weight    label  predict features
0.250000 0.250000            1            1.0   0.5000   0.0000        2
0.625000 1.000000            2            2.0   1.0000   0.0000        2
0.625000 0.625000            4            4.0   1.0000   0.0000        2
0.365340 0.105679            8            8.0   1.0000   0.8517        2
0.183859 0.002377           16           16.0   1.0000   0.9907        2
0.091932 0.000005           32           32.0   1.0000   0.9995        2
0.045966 0.000000           64           64.0   1.0000   1.0000        2
0.022983 0.000000          128          128.0   1.0000   1.0000        2

finished run
number of examples per pass = 2
passes used = 100
weighted example sum = 200.000000
weighted label sum = 150.000000
average loss = 0.014709
best constant = 0.750000
best constant's loss = 0.062500
total feature number = 400
