Num weight bits = 18
learning rate = 0.5
initial_t = 0
power_t = 0.5
using no cache
Reading datafile = train-sets/0001.dat
num sources = 1
average  since         example        example  current  current  current
loss     last          counter         weight    label  predict features
0.000000 0.000000            1            1.0   1.0000   1.0000       51
0.000000 0.000000            2            2.0   0.0000   0.0000      104
0.000000 0.000000            4            4.0   0.0000   0.0000      135
0.159601 0.319203            8            8.0   0.0000   0.3426      146
0.204715 0.249828           16           16.0   1.0000   0.3045       24
0.223420 0.242125           32           32.0   0.0000   0.3540       32
0.230549 0.237678           64           64.0   0.0000   0.3558       61
0.236800 0.243051          128          128.0   1.0000   0.5370      106

finished run
number of examples per pass = 200
passes used = 1
weighted example sum = 200.000000
weighted label sum = 91.000000
average loss = 0.226439
best constant = 0.455000
best constant's loss = 0.247975
total feature number = 15482
