Generating 2-grams for all namespaces.
Generating 4-skips for all namespaces.
predictions = rcv1_raw_cb_explore.preds
Num weight bits = 24
learning rate = 0.25
initial_t = 0
power_t = 0.5
using no cache
Reading datafile = train-sets/rcv1_raw_cb_small.vw
num sources = 1
average  since         example        example  current  current  current
loss     last          counter         weight    label  predict features
0.000000 0.000000            1            1.0        1 0.975000 0.025000       280
0.000000 0.000000            2            2.0        1 0.025000 0.975000       598
0.000000 0.000000            4            4.0        1 0.025000 0.975000       784
0.000000 0.000000            8            8.0        1 0.025000 0.975000       850
0.000000 0.000000           16           16.0        1 0.025000 0.975000       118
0.000000 0.000000           32           32.0        1 0.975000 0.025000       166
0.000000 0.000000           64           64.0        2 0.975000 0.025000       340
0.000000 0.000000          128          128.0        1 0.025000 0.975000       610
0.000000 0.000000          256          256.0        2 0.025000 0.975000       712
0.000000 0.000000          512          512.0        2 0.975000 0.025000       424

finished run
number of examples per pass = 1000
passes used = 1
weighted example sum = 1000.000000
weighted label sum = 0.000000
average loss = 0.000000
total feature number = 440020
