final_regressor = models/remask.model
Num weight bits = 18
learning rate = 0.5
initial_t = 0
power_t = 0.5
using no cache
Reading datafile = train-sets/0001.dat
num sources = 1
average  since         example        example  current  current  current
loss     last          counter         weight    label  predict features
0.217245 0.217245            1            1.0   1.0000   0.5339       51
0.286434 0.355623            2            2.0   0.0000   0.5963      104
0.184443 0.082453            4            4.0   0.0000   0.2332      135
0.163595 0.142747            8            8.0   0.0000   0.1133      146
0.155013 0.146431           16           16.0   1.0000   0.5775       24
0.175604 0.196195           32           32.0   0.0000   0.1864       32
0.188473 0.201341           64           64.0   0.0000   0.0000       61
0.167829 0.147186          128          128.0   1.0000   0.8197      106

finished run
number of examples per pass = 200
passes used = 1
weighted example sum = 200.000000
weighted label sum = 91.000000
average loss = 0.137664
best constant = 0.455000
best constant's loss = 0.247975
total feature number = 15482
