Num weight bits = 18
learning rate = 0.5
initial_t = 0
power_t = 0.5
using no cache
Reading datafile = train-sets/0001.dat
num sources = 1
average  since         example        example  current  current  current
loss     last          counter         weight    label  predict features
0.000065 0.000065            1            1.0   1.0000   0.9919       51
0.128573 0.257082            2            2.0   0.0000   0.5070      104
0.064287 0.000000            4            4.0   0.0000   0.0000      135
0.067062 0.069838            8            8.0   0.0000   0.0000      146
0.065740 0.064418           16           16.0   1.0000   0.8737       24
0.058689 0.051638           32           32.0   0.0000   0.0677       32
0.077832 0.096975           64           64.0   0.0000   0.0000       61
0.076344 0.074857          128          128.0   1.0000   1.0000      106

finished run
number of examples per pass = 200
passes used = 1
weighted example sum = 200.000000
weighted label sum = 91.000000
average loss = 0.063931
best constant = 0.455000
best constant's loss = 0.247975
total feature number = 15482
