creating quadratic features for pairs: MF 
final_regressor = topk.model
Num weight bits = 18
learning rate = 0.5
initial_t = 0
power_t = 0.5
decay_learning_rate = 1
creating cache_file = topk-train.cache
Reading datafile = train-sets/topk.vw
num sources = 1
average  since         example        example  current  current  current
loss     last          counter         weight    label  predict features
0.000000 0.000000            1            1.0   3.0000   3.0000        4
0.000000 0.000000            2            2.0   0.0000   0.0000        4
1.000000 2.000000            4            4.0  unknown   0.1967        1
1.546039 2.092078            8            8.0  unknown   0.3771        1
1.620583 1.695127           16           16.0  unknown   0.6297        1
1.286681 0.952779           32           32.0  unknown   0.7409        1
0.882603 0.478525           64           64.0  unknown   0.8165        1
0.568340 0.254076          128          128.0  unknown   0.8589        1
0.322436 0.076533          256          256.0  unknown   0.8887        1
0.166987 0.011539          512          512.0  unknown   0.9089        1
0.083676 0.000365         1024         1024.0  unknown   0.9138        1

finished run
number of examples per pass = 12
passes used = 100
weighted example sum = 1200.000000
weighted label sum = 1500.000000
average loss = 0.071404
best constant = 1.666667
total feature number = 3900
