creating cubic features for triples: abc 
final_regressor = models/xxor.model
Num weight bits = 18
learning rate = 0.5
initial_t = 0
power_t = 0.5
decay_learning_rate = 1
creating cache_file = train-sets/xxor.dat.cache
Reading datafile = train-sets/xxor.dat
num sources = 1
average  since         example        example  current  current  current
loss     last          counter         weight    label  predict features
0.000000 0.000000            1            1.0   1.0000   1.0000        5
0.000000 0.000000            2            2.0   0.0000   0.0000        5
0.000000 0.000000            3            3.0   0.0000   0.0000        5
0.250000 1.000000            4            4.0   1.0000   0.0000        5
0.276407 0.329221            6            6.0   1.0000   0.1998        5
0.340458 0.532612            8            8.0   0.0000   0.8475        5
0.343408 0.351274           11           11.0   0.0000   0.5555        5
0.312482 0.227437           15           15.0   1.0000   0.5574        5
0.282455 0.192375           20           20.0   1.0000   0.5876        5
0.238285 0.112082           27           27.0   0.0000   0.2959        5
0.196384 0.070681           36           36.0   1.0000   0.7425        5
0.156384 0.036385           48           48.0   0.0000   0.1844        5
0.121449 0.016643           64           64.0   0.0000   0.1184        5
0.091880 0.005864           86           86.0   1.0000   0.9420        5
0.069094 0.001520          115          115.0   0.0000   0.0242        5
0.051663 0.000265          154          154.0   0.0000   0.0101        5
0.038629 0.000027          206          206.0   1.0000   0.9977        5
0.028937 0.000001          275          275.0   0.0000   0.0004        5
0.021683 0.000000          367          367.0   1.0000   1.0000        5
0.016240 0.000000          490          490.0   0.0000   0.0000        5
0.012168 0.000000          654          654.0   1.0000   1.0000        5

finished run
number of examples per pass = 8
passes used = 100
weighted example sum = 800.000000
weighted label sum = 400.000000
average loss = 0.009947
best constant = 0.500000
best constant's loss = 0.250000
total feature number = 4000
